Microchip MPLAB XC8 Compiler V2.10 ()

Linker command line:

-W-3 --edf=/opt/microchip/xc8/v2.10/pic/dat/en_msgs.txt -cs \
  -h+dist/default/production/ProtectoFinal1.X.production.sym \
  --cmf=dist/default/production/ProtectoFinal1.X.production.cmf -z \
  -Q18F45K50 -o/tmp/xcXCWJ6fO --defsym=__MPLAB_BUILD=1 \
  -Mdist/default/production/ProtectoFinal1.X.production.map -E1 -ver=XC8 \
  --acfsm=1493 -ASTACK=0B7h-07FFh -pstack=STACK -ACODE=00h-07FFFh \
  -ACONST=00h-07FFFh -ASMALLCONST=0800h-08FFhx120 \
  -AMEDIUMCONST=0800h-07FFFh -ACOMRAM=01h-05Fh -AABS1=00h-07FFh \
  -ABIGRAM=01h-07FFh -ARAM=060h-0FFh,0100h-01FFhx7 -ABANK0=060h-0FFh \
  -ABANK1=0100h-01FFh -ABANK2=0200h-02FFh -ABANK3=0300h-03FFh \
  -ABANK4=0400h-04FFh -ABANK5=0500h-05FFh -ABANK6=0600h-06FFh \
  -ABANK7=0700h-07FFh -ASFR=0F53h-0F5Fh,0F60h-0FFFh \
  -preset_vec=00h,intcode,intcodelo,powerup,init -pramtop=0800h \
  -psmallconst=SMALLCONST -pmediumconst=MEDIUMCONST -pconst=CONST \
  -AFARRAM=00h-00h -ACONFIG=0300000h-030000Dh -pconfig=CONFIG \
  -AIDLOC=0200000h-0200007h -pidloc=IDLOC -AEEDATA=0F00000h-0F000FFh \
  -peeprom_data=EEDATA \
  -prdata=COMRAM,nvrram=COMRAM,nvbit=COMRAM,rbss=COMRAM,rbit=COMRAM \
  -pfarbss=FARRAM,fardata=FARRAM,nvFARRAM=FARRAM \
  -pintsave_regs=BIGRAM,bigbss=BIGRAM,bigdata=BIGRAM -pbss=RAM \
  -pidata=CODE,irdata=CODE,ibigdata=CODE,ifardata=CODE -prparam=COMRAM \
  /tmp/xcXfWvgNv.o dist/default/production/ProtectoFinal1.X.production.o 

Object code version is 3.11

Machine type is 18F45K50

Call graph: (short form)




                Name                               Link     Load   Length Selector   Space Scale
/tmp/xcXfWvgNv.o
                init                                  0        0        4        0       0
                idloc                            200000   200000        8   200000       0
                config                           300000   300000        E   300000       0
dist/default/production/ProtectoFinal1.X.production.o
                smallconst                          800      800       16      400       0
                text24                             26AA     26AA       9C      40B       0
                text23                             1F14     1F14      130      40B       0
                text22                             2044     2044      12A      40B       0
                text21                             239A     239A       CC      40B       0
                text20                             290E     290E       22      40B       0
                text19                             11D6     11D6      39A      40B       0
                text18                              DAC      DAC      42A      40B       0
                text17                             2294     2294      106      40B       0
                text16                             1A74     1A74      1B4      40B       0
                text15                             294A     294A        2      40B       0
                text14                             2466     2466       CA      40B       0
                text13                             2854     2854       44      40B       0
                text12                             28D8     28D8       36      40B       0
                text11                             2530     2530       C2      40B       0
                text10                             27A8     27A8       5A      40B       0
                text9                              1C28     1C28      188      40B       0
                text8                              1DB0     1DB0      164      40B       0
                text7                              2898     2898       40      40B       0
                text6                              1570     1570      2DE      40B       0
                text5                              184E     184E      226      40B       0
                text4                              2746     2746       62      40B       0
                text3                              2802     2802       52      40B       0
                text2                               816      816      596      40B       0
                text1                              216E     216E      126      40B       0
                text0                              25F2     25F2       B8      40B       0
                cstackCOMRAM                          1        1       5C        1       1
                cstackBANK0                          60       60       31       60       1
                bssBANK0                             91       91       26       60       1
                bssCOMRAM                            5D       5D        2        1       1
                cinit                              2930     2930       1A      40B       0

TOTAL           Name                               Link     Load   Length     Space
        CLASS   STACK          

        CLASS   CODE           
                init                                  0        0        4         0
                text24                             26AA     26AA       9C         0
                text23                             1F14     1F14      130         0
                text22                             2044     2044      12A         0
                text21                             239A     239A       CC         0
                text20                             290E     290E       22         0
                text19                             11D6     11D6      39A         0
                text18                              DAC      DAC      42A         0
                text17                             2294     2294      106         0
                text16                             1A74     1A74      1B4         0
                text15                             294A     294A        2         0
                text14                             2466     2466       CA         0
                text13                             2854     2854       44         0
                text12                             28D8     28D8       36         0
                text11                             2530     2530       C2         0
                text10                             27A8     27A8       5A         0
                text9                              1C28     1C28      188         0
                text8                              1DB0     1DB0      164         0
                text7                              2898     2898       40         0
                text6                              1570     1570      2DE         0
                text5                              184E     184E      226         0
                text4                              2746     2746       62         0
                text3                              2802     2802       52         0
                text2                               816      816      596         0
                text1                              216E     216E      126         0
                text0                              25F2     25F2       B8         0
                cinit                              2930     2930       1A         0

        CLASS   CONST          

        CLASS   SMALLCONST     
                smallconst                          800      800       16         0

        CLASS   MEDIUMCONST    

        CLASS   COMRAM         
                cstackCOMRAM                          1        1       5C         1
                bssCOMRAM                            5D       5D        2         1

        CLASS   ABS1           

        CLASS   BIGRAM         

        CLASS   RAM            

        CLASS   BANK0          
                cstackBANK0                          60       60       31         1
                bssBANK0                             91       91       26         1

        CLASS   BANK1          

        CLASS   BANK2          

        CLASS   BANK3          

        CLASS   BANK4          

        CLASS   BANK5          

        CLASS   BANK6          

        CLASS   BANK7          

        CLASS   SFR            

        CLASS   FARRAM         

        CLASS   CONFIG         
                config                           300000   300000        E         0

        CLASS   IDLOC          
                idloc                            200000   200000        8         0

        CLASS   EEDATA         



SEGMENTS        Name                           Load    Length   Top    Selector   Space  Class

                reset_vec                      000000  000004  000004         0       0  CODE    
                cstackCOMRAM                   000001  00005E  00005F         1       1  COMRAM  
                cstackBANK0                    000060  000057  0000B7        60       1  BANK0   
                smallconst                     000800  000016  000816       400       0  SMALLCON
                text2                          000816  002136  00294C       40B       0  CODE    
                idloc                          200000  000008  200008    200000       0  IDLOC   
                config                         300000  00000E  30000E    300000       0  CONFIG  


UNUSED ADDRESS RANGES

        Name                Unused          Largest block    Delta
        BANK0            0000B7-0000FF               49
        BANK1            000100-0001FF              100
        BANK2            000200-0002FF              100
        BANK3            000300-0003FF              100
        BANK4            000400-0004FF              100
        BANK5            000500-0005FF              100
        BANK6            000600-0006FF              100
        BANK7            000700-0007FF              100
        BIGRAM           00005F-00005F                1
                         0000B7-0007FF              749
        CODE             000004-0007FF              7FC
                         00294C-007FFF             56B4
        COMRAM           00005F-00005F                1
        CONST            000004-0007FF              7FC
                         00294C-007FFF             56B4
        EEDATA           F00000-F000FF              100
        MEDIUMCONST      00294C-007FFF             56B4
        RAM              0000B7-0007FF              100
        SFR              000F53-000FFF                D
        SMALLCONST       00294C-007FFF              100
        STACK            0000B7-0007FF              749

                                  Symbol Table

?_ADC_Read                cstackCOMRAM 000001
?___aodiv                 cstackCOMRAM 000001
?___aomod                 cstackCOMRAM 000001
?___fldiv                 cstackCOMRAM 000001
?___flmul                 cstackCOMRAM 000017
?___fltol                 cstackCOMRAM 000001
?___xxtofl                cstackCOMRAM 000009
?_abs                     cstackCOMRAM 000013
?_ctoa                    cstackCOMRAM 00001C
?_dtoa                    cstackCOMRAM 00001C
?_pad                     cstackCOMRAM 000011
?_sprintf                 cstackBANK0  000060
?_strlen                  cstackCOMRAM 000001
?_vfpfcnvrt               cstackCOMRAM 000040
?_vfprintf                cstackCOMRAM 000051
ADC_Read@channel          cstackCOMRAM 000001
ADC_Read@digital          cstackCOMRAM 000007
Clock_display@Temperature cstackBANK0  00007A
Clock_display@celsius     cstackBANK0  00008D
Clock_display@date        cstackBANK0  000084
Clock_display@date1       cstackBANK0  000087
Clock_display@date2       cstackBANK0  00008A
Clock_display@h           cstackBANK0  000072
Clock_display@m           cstackBANK0  000074
Clock_display@s           cstackBANK0  000076
Clock_display@stop        cstackBANK0  000078
Lcd_Chr_CP@data           cstackCOMRAM 000003
Lcd_Cmd@data              cstackCOMRAM 000003
Lcd_Init@data             cstackCOMRAM 000005
Lcd_Out2@buffer           cstackCOMRAM 000005
Lcd_Out2@data             cstackCOMRAM 00000A
Lcd_Out2@x                cstackCOMRAM 000004
Lcd_Out2@y                cstackCOMRAM 000009
TMRON@prescaler           cstackCOMRAM 000001
TMRON@tmroh               cstackCOMRAM 000003
TMRON@tmrol               cstackCOMRAM 000005
_ADCON0                   (abs)        000FC2
_ADCON0bits               (abs)        000FC2
_ADCON1                   (abs)        000FC1
_ADCON2                   (abs)        000FC0
_ADC_Read                 text24       0026AA
_ADON                     (abs)        007E10
_ADRESH                   (abs)        000FC4
_ADRESL                   (abs)        000FC3
_ANSELA                   (abs)        000F5B
_ANSELD                   (abs)        000F5E
_ANSELE                   (abs)        000F5F
_Clock_display            text2        000816
_GO                       (abs)        007E11
_INTCONbits               (abs)        000FF2
_LATA                     (abs)        000F89
_LATE                     (abs)        000F8D
_Lcd_Chr_CP               text23       001F14
_Lcd_Cmd                  text22       002044
_Lcd_Init                 text1        00216E
_Lcd_Out2                 text21       00239A
_OSCCON                   (abs)        000FD3
_PORTA                    (abs)        000F80
_PORTAbits                (abs)        000F80
_PORTDbits                (abs)        000F83
_PORTE                    (abs)        000F84
_T0CON                    (abs)        000FD5
_T0CONbits                (abs)        000FD5
_TMR0H                    (abs)        000FD7
_TMR0L                    (abs)        000FD6
_TMRON                    text20       00290E
_TRISA                    (abs)        000F92
_TRISDbits                (abs)        000F95
_TRISE                    (abs)        000F96
__CFG_BOREN$SBORDIS       (abs)        000000
__CFG_BORV$190            (abs)        000000
__CFG_CCP2MX$RC1          (abs)        000000
__CFG_CFGPLLEN$OFF        (abs)        000000
__CFG_CP0$OFF             (abs)        000000
__CFG_CP1$OFF             (abs)        000000
__CFG_CP2$OFF             (abs)        000000
__CFG_CP3$OFF             (abs)        000000
__CFG_CPB$OFF             (abs)        000000
__CFG_CPD$OFF             (abs)        000000
__CFG_CPUDIV$NOCLKDIV     (abs)        000000
__CFG_EBTR0$OFF           (abs)        000000
__CFG_EBTR1$OFF           (abs)        000000
__CFG_EBTR2$OFF           (abs)        000000
__CFG_EBTR3$OFF           (abs)        000000
__CFG_EBTRB$OFF           (abs)        000000
__CFG_FCMEN$OFF           (abs)        000000
__CFG_FOSC$INTOSCIO       (abs)        000000
__CFG_ICPRT$OFF           (abs)        000000
__CFG_IESO$OFF            (abs)        000000
__CFG_LS48MHZ$SYS24X4     (abs)        000000
__CFG_LVP$OFF             (abs)        000000
__CFG_MCLRE$ON            (abs)        000000
__CFG_PBADEN$ON           (abs)        000000
__CFG_PCLKEN$OFF          (abs)        000000
__CFG_PLLSEL$PLL4X        (abs)        000000
__CFG_SDOMX$RB3           (abs)        000000
__CFG_STVREN$ON           (abs)        000000
__CFG_T3CMX$RC0           (abs)        000000
__CFG_WDTEN$OFF           (abs)        000000
__CFG_WDTPS$32768         (abs)        000000
__CFG_WRT0$OFF            (abs)        000000
__CFG_WRT1$OFF            (abs)        000000
__CFG_WRT2$OFF            (abs)        000000
__CFG_WRT3$OFF            (abs)        000000
__CFG_WRTB$OFF            (abs)        000000
__CFG_WRTC$OFF            (abs)        000000
__CFG_WRTD$OFF            (abs)        000000
__CFG_XINST$OFF           (abs)        000000
__CFG_nLPBOR$OFF          (abs)        000000
__CFG_nPWRTEN$ON          (abs)        000000
__HRAM                    (abs)        000000
__Habs1                   abs1         000000
__Hbank0                  bank0        000000
__Hbank1                  bank1        000000
__Hbank2                  bank2        000000
__Hbank3                  bank3        000000
__Hbank4                  bank4        000000
__Hbank5                  bank5        000000
__Hbank6                  bank6        000000
__Hbank7                  bank7        000000
__Hbigbss                 bigbss       000000
__Hbigdata                bigdata      000000
__Hbigram                 bigram       000000
__Hbss                    bss          000000
__HbssBANK0               bssBANK0     000000
__HbssCOMRAM              bssCOMRAM    000000
__Hcinit                  cinit        000000
__Hclrtext                clrtext      000000
__Hcomram                 comram       000000
__Hconfig                 config       30000E
__Hconst                  const        000000
__HcstackBANK0            cstackBANK0  000000
__HcstackCOMRAM           cstackCOMRAM 000000
__Hdata                   data         000000
__Heeprom_data            eeprom_data  000000
__Hfarbss                 farbss       000000
__Hfardata                fardata      000000
__Hibigdata               ibigdata     000000
__Hidata                  idata        000000
__Hidloc                  idloc        200008
__Hifardata               ifardata     000000
__Hinit                   init         000004
__Hintcode                intcode      000000
__Hintcode_body           intcode_body 000000
__Hintcodelo              intcodelo    000000
__Hintentry               intentry     000000
__Hintret                 intret       000000
__Hintsave_regs           intsave_regs 000000
__Hirdata                 irdata       000000
__Hmediumconst            mediumconst  000000
__HnvFARRAM               nvFARRAM     000000
__Hnvbit                  nvbit        000000
__Hnvrram                 nvrram       000000
__Hparam                  rparam       000000
__Hpowerup                powerup      000000
__Hram                    ram          000000
__Hramtop                 ramtop       000800
__Hrbit                   rbit         000000
__Hrbss                   rbss         000000
__Hrdata                  rdata        000000
__Hreset_vec              reset_vec    000000
__Hrparam                 rparam       000000
__Hsfr                    sfr          000000
__Hsmallconst             smallconst   000816
__Hspace_0                (abs)        30000E
__Hspace_1                (abs)        0000B7
__Hspace_2                (abs)        000000
__Hstack                  stack        000000
__Hstruct                 struct       000000
__Htemp                   temp         000000
__Htext                   text         000000
__Htext0                  text0        000000
__Htext1                  text1        000000
__Htext10                 text10       000000
__Htext11                 text11       000000
__Htext12                 text12       000000
__Htext13                 text13       000000
__Htext14                 text14       000000
__Htext15                 text15       000000
__Htext16                 text16       000000
__Htext17                 text17       000000
__Htext18                 text18       000000
__Htext19                 text19       000000
__Htext2                  text2        000000
__Htext20                 text20       000000
__Htext21                 text21       000000
__Htext22                 text22       000000
__Htext23                 text23       000000
__Htext24                 text24       000000
__Htext3                  text3        000000
__Htext4                  text4        000000
__Htext5                  text5        000000
__Htext6                  text6        000000
__Htext7                  text7        000000
__Htext8                  text8        000000
__Htext9                  text9        000000
__LRAM                    (abs)        000001
__Labs1                   abs1         000000
__Lbank0                  bank0        000000
__Lbank1                  bank1        000000
__Lbank2                  bank2        000000
__Lbank3                  bank3        000000
__Lbank4                  bank4        000000
__Lbank5                  bank5        000000
__Lbank6                  bank6        000000
__Lbank7                  bank7        000000
__Lbigbss                 bigbss       000000
__Lbigdata                bigdata      000000
__Lbigram                 bigram       000000
__Lbss                    bss          000000
__LbssBANK0               bssBANK0     000000
__LbssCOMRAM              bssCOMRAM    000000
__Lcinit                  cinit        000000
__Lclrtext                clrtext      000000
__Lcomram                 comram       000000
__Lconfig                 config       300000
__Lconst                  const        000000
__LcstackBANK0            cstackBANK0  000000
__LcstackCOMRAM           cstackCOMRAM 000000
__Ldata                   data         000000
__Leeprom_data            eeprom_data  000000
__Lfarbss                 farbss       000000
__Lfardata                fardata      000000
__Libigdata               ibigdata     000000
__Lidata                  idata        000000
__Lidloc                  idloc        200000
__Lifardata               ifardata     000000
__Linit                   init         000000
__Lintcode                intcode      000000
__Lintcode_body           intcode_body 000000
__Lintcodelo              intcodelo    000000
__Lintentry               intentry     000000
__Lintret                 intret       000000
__Lintsave_regs           intsave_regs 000000
__Lirdata                 irdata       000000
__Lmediumconst            mediumconst  000000
__LnvFARRAM               nvFARRAM     000000
__Lnvbit                  nvbit        000000
__Lnvrram                 nvrram       000000
__Lparam                  rparam       000000
__Lpowerup                powerup      000000
__Lram                    ram          000000
__Lramtop                 ramtop       000800
__Lrbit                   rbit         000000
__Lrbss                   rbss         000000
__Lrdata                  rdata        000000
__Lreset_vec              reset_vec    000000
__Lrparam                 rparam       000000
__Lsfr                    sfr          000000
__Lsmallconst             smallconst   000800
__Lspace_0                (abs)        000000
__Lspace_1                (abs)        000000
__Lspace_2                (abs)        000000
__Lstack                  stack        000000
__Lstruct                 struct       000000
__Ltemp                   temp         000000
__Ltext                   text         000000
__Ltext0                  text0        000000
__Ltext1                  text1        000000
__Ltext10                 text10       000000
__Ltext11                 text11       000000
__Ltext12                 text12       000000
__Ltext13                 text13       000000
__Ltext14                 text14       000000
__Ltext15                 text15       000000
__Ltext16                 text16       000000
__Ltext17                 text17       000000
__Ltext18                 text18       000000
__Ltext19                 text19       000000
__Ltext2                  text2        000000
__Ltext20                 text20       000000
__Ltext21                 text21       000000
__Ltext22                 text22       000000
__Ltext23                 text23       000000
__Ltext24                 text24       000000
__Ltext3                  text3        000000
__Ltext4                  text4        000000
__Ltext5                  text5        000000
__Ltext6                  text6        000000
__Ltext7                  text7        000000
__Ltext8                  text8        000000
__Ltext9                  text9        000000
__S0                      (abs)        30000E
__S1                      (abs)        0000B7
__S2                      (abs)        000000
___aodiv                  text9        001C28
___aodiv@counter          cstackCOMRAM 000011
___aodiv@dividend         cstackCOMRAM 000001
___aodiv@divisor          cstackCOMRAM 000009
___aodiv@quotient         cstackCOMRAM 000013
___aodiv@sign             cstackCOMRAM 000012
___aomod                  text8        001DB0
___aomod@counter          cstackCOMRAM 000011
___aomod@dividend         cstackCOMRAM 000001
___aomod@divisor          cstackCOMRAM 000009
___aomod@sign             cstackCOMRAM 000012
___fldiv                  text19       0011D6
___fldiv@a                cstackCOMRAM 000005
___fldiv@aexp             cstackCOMRAM 000019
___fldiv@b                cstackCOMRAM 000001
___fldiv@bexp             cstackCOMRAM 000018
___fldiv@grs              cstackCOMRAM 000014
___fldiv@new_exp          cstackCOMRAM 000012
___fldiv@rem              cstackCOMRAM 00000D
___fldiv@sign             cstackCOMRAM 000011
___flmul                  text18       000DAC
___flmul@a                cstackCOMRAM 00001B
___flmul@aexp             cstackCOMRAM 000028
___flmul@b                cstackCOMRAM 000017
___flmul@bexp             cstackCOMRAM 000029
___flmul@grs              cstackCOMRAM 000024
___flmul@prod             cstackCOMRAM 00002A
___flmul@sign             cstackCOMRAM 000023
___flmul@temp             cstackCOMRAM 00002E
___fltol                  text17       002294
___fltol@exp1             cstackCOMRAM 00000A
___fltol@f1               cstackCOMRAM 000001
___fltol@sign1            cstackCOMRAM 000009
___inthi_sp               stack        000000
___intlo_sp               stack        000000
___param_bank             (abs)        000000
___rparam_used            (abs)        000001
___sp                     stack        000000
___xxtofl                 text16       001A74
___xxtofl@arg             cstackCOMRAM 000013
___xxtofl@exp             cstackCOMRAM 000012
___xxtofl@sign            cstackCOMRAM 000011
___xxtofl@val             cstackCOMRAM 000009
__accesstop               (abs)        000060
__activetblptr            (abs)        000002
__end_of_ADC_Read         text24       002746
__end_of_Clock_display    text2        000DAC
__end_of_Lcd_Chr_CP       text23       002044
__end_of_Lcd_Cmd          text22       00216E
__end_of_Lcd_Init         text1        002294
__end_of_Lcd_Out2         text21       002466
__end_of_TMRON            text20       002930
__end_of___aodiv          text9        001DB0
__end_of___aomod          text8        001F14
__end_of___fldiv          text19       001570
__end_of___flmul          text18       0011D6
__end_of___fltol          text17       00239A
__end_of___xxtofl         text16       001C28
__end_of__initialization  cinit        002940
__end_of_abs              text7        0028D8
__end_of_ctoa             text10       002802
__end_of_dtoa             text6        00184E
__end_of_fputc            text14       002530
__end_of_fputs            text13       002898
__end_of_main             text0        0026AA
__end_of_pad              text11       0025F2
__end_of_putch            text15       00294C
__end_of_sprintf          text3        002854
__end_of_strlen           text12       00290E
__end_of_vfpfcnvrt        text5        001A74
__end_of_vfprintf         text4        0027A8
__initialization          cinit        002930
__mediumconst             mediumconst  000000
__pbssBANK0               bssBANK0     000091
__pbssCOMRAM              bssCOMRAM    00005D
__pcinit                  cinit        002930
__pcstackBANK0            cstackBANK0  000060
__pcstackCOMRAM           cstackCOMRAM 000001
__psmallconst             smallconst   000800
__ptext0                  text0        0025F2
__ptext1                  text1        00216E
__ptext10                 text10       0027A8
__ptext11                 text11       002530
__ptext12                 text12       0028D8
__ptext13                 text13       002854
__ptext14                 text14       002466
__ptext15                 text15       00294A
__ptext16                 text16       001A74
__ptext17                 text17       002294
__ptext18                 text18       000DAC
__ptext19                 text19       0011D6
__ptext2                  text2        000816
__ptext20                 text20       00290E
__ptext21                 text21       00239A
__ptext22                 text22       002044
__ptext23                 text23       001F14
__ptext24                 text24       0026AA
__ptext3                  text3        002802
__ptext4                  text4        002746
__ptext5                  text5        00184E
__ptext6                  text6        001570
__ptext7                  text7        002898
__ptext8                  text8        001DB0
__ptext9                  text9        001C28
__ramtop                  ramtop       000800
__size_of_ADC_Read        (abs)        000000
__size_of_Clock_display   (abs)        000000
__size_of_Lcd_Chr_CP      (abs)        000000
__size_of_Lcd_Cmd         (abs)        000000
__size_of_Lcd_Init        (abs)        000000
__size_of_Lcd_Out2        (abs)        000000
__size_of_TMRON           (abs)        000000
__size_of___aodiv         (abs)        000000
__size_of___aomod         (abs)        000000
__size_of___fldiv         (abs)        000000
__size_of___flmul         (abs)        000000
__size_of___fltol         (abs)        000000
__size_of___xxtofl        (abs)        000000
__size_of_abs             (abs)        000000
__size_of_ctoa            (abs)        000000
__size_of_dtoa            (abs)        000000
__size_of_fputc           (abs)        000000
__size_of_fputs           (abs)        000000
__size_of_main            (abs)        000000
__size_of_pad             (abs)        000000
__size_of_putch           (abs)        000000
__size_of_sprintf         (abs)        000000
__size_of_strlen          (abs)        000000
__size_of_vfpfcnvrt       (abs)        000000
__size_of_vfprintf        (abs)        000000
__smallconst              smallconst   000800
_abs                      text7        002898
_ctoa                     text10       0027A8
_dbuf                     bssBANK0     000097
_dtoa                     text6        001570
_dtoa$539                 cstackCOMRAM 00002E
_flags                    bssCOMRAM    00005D
_fputc                    text14       002466
_fputs                    text13       002854
_main                     text0        0025F2
_nout                     bssBANK0     000091
_pad                      text11       002530
_prec                     bssBANK0     000095
_putch                    text15       00294A
_sprintf                  text3        002802
_strlen                   text12       0028D8
_vfpfcnvrt                text5        00184E
_vfprintf                 text4        002746
_width                    bssBANK0     000093
abs@a                     cstackCOMRAM 000013
ctoa@c                    cstackCOMRAM 00001E
ctoa@fp                   cstackCOMRAM 00001C
ctoa@w                    cstackCOMRAM 00001F
dtoa@d                    cstackCOMRAM 00001E
dtoa@fp                   cstackCOMRAM 00001C
dtoa@i                    cstackCOMRAM 00003E
dtoa@n                    cstackCOMRAM 000036
dtoa@p                    cstackCOMRAM 000030
dtoa@s                    cstackCOMRAM 000034
dtoa@w                    cstackCOMRAM 000032
end_of_initialization     cinit        002940
fputc@c                   cstackCOMRAM 000001
fputc@fp                  cstackCOMRAM 000003
fputs@c                   cstackCOMRAM 00000E
fputs@fp                  cstackCOMRAM 00000C
fputs@i                   cstackCOMRAM 00000F
fputs@s                   cstackCOMRAM 00000A
intlevel0                 text         000000
intlevel1                 text         000000
intlevel2                 text         000000
intlevel3                 text         000000
main@m                    cstackCOMRAM 00005B
pad@buf                   cstackCOMRAM 000013
pad@fp                    cstackCOMRAM 000011
pad@i                     cstackCOMRAM 000018
pad@p                     cstackCOMRAM 000015
pad@w                     cstackCOMRAM 00001A
sprintf@ap                cstackBANK0  00006A
sprintf@f                 cstackBANK0  00006C
sprintf@fmt               cstackBANK0  000062
sprintf@s                 cstackBANK0  000060
stackhi                   (abs)        0007FF
stacklo                   (abs)        0000B7
start                     init         000000
start_initialization      cinit        002930
strlen@a                  cstackCOMRAM 000003
strlen@s                  cstackCOMRAM 000001
vfpfcnvrt@ap              cstackCOMRAM 000044
vfpfcnvrt@c               cstackCOMRAM 000050
vfpfcnvrt@fmt             cstackCOMRAM 000042
vfpfcnvrt@fp              cstackCOMRAM 000040
vfpfcnvrt@ll              cstackCOMRAM 000048
vfprintf@ap               cstackCOMRAM 000055
vfprintf@cfmt             cstackCOMRAM 000057
vfprintf@fmt              cstackCOMRAM 000053
vfprintf@fp               cstackCOMRAM 000051


FUNCTION INFORMATION:

 *************** function _main *****************
 Defined at:
		line 19 in file "main.c"
 Parameters:    Size  Location     Type
		None
 Auto vars:     Size  Location     Type
  m               2   90[COMRAM] int 
  s               2    0        int 
 Return value:  Size  Location     Type
                  1    wreg      void 
 Registers used:
		wreg, fsr1l, fsr1h, fsr2l, fsr2h, status,2, status,0, tblptrl, tblptrh, tblptru, prodl, prodh, cstack
 Tracked objects:
		On entry : 
		On exit  : 
		Unchanged: 
 Data sizes:     COMRAM   BANK0   BANK1   BANK2   BANK3   BANK4   BANK5   BANK6   BANK7
      Params:         0       0       0       0       0       0       0       0       0
      Locals:         4       0       0       0       0       0       0       0       0
      Temps:          0       0       0       0       0       0       0       0       0
      Totals:         4       0       0       0       0       0       0       0       0
Total ram usage:        4 bytes
 Hardware stack levels required when called:    9
 This function calls:
		_Clock_display
		_Lcd_Cmd
		_Lcd_Init
		_Lcd_Out2
 This function is called by:
		Startup code after reset
 This function uses a non-reentrant model


 *************** function _Lcd_Init *****************
 Defined at:
		line 12 in file "lcd.c"
 Parameters:    Size  Location     Type
		None
 Auto vars:     Size  Location     Type
  data            1    4[COMRAM] unsigned char 
 Return value:  Size  Location     Type
                  1    wreg      void 
 Registers used:
		wreg, status,2, status,0, cstack
 Tracked objects:
		On entry : 
		On exit  : 
		Unchanged: 
 Data sizes:     COMRAM   BANK0   BANK1   BANK2   BANK3   BANK4   BANK5   BANK6   BANK7
      Params:         0       0       0       0       0       0       0       0       0
      Locals:         1       0       0       0       0       0       0       0       0
      Temps:          1       0       0       0       0       0       0       0       0
      Totals:         2       0       0       0       0       0       0       0       0
Total ram usage:        2 bytes
 Hardware stack levels used:    1
 Hardware stack levels required when called:    1
 This function calls:
		_Lcd_Cmd
 This function is called by:
		_main
 This function uses a non-reentrant model


 *************** function _Clock_display *****************
 Defined at:
		line 10 in file "clock.c"
 Parameters:    Size  Location     Type
  h               2   18[BANK0 ] int 
  m               2   20[BANK0 ] int 
  s               2   22[BANK0 ] int 
  stop            2   24[BANK0 ] int 
 Auto vars:     Size  Location     Type
  date2           3   42[BANK0 ] unsigned char [3]
  date1           3   39[BANK0 ] unsigned char [3]
  date            3   36[BANK0 ] unsigned char [3]
  Temperature    10   26[BANK0 ] unsigned char [10]
  celsius         4   45[BANK0 ] float 
 Return value:  Size  Location     Type
                  1    wreg      void 
 Registers used:
		wreg, fsr1l, fsr1h, fsr2l, fsr2h, status,2, status,0, tblptrl, tblptrh, tblptru, prodl, prodh, cstack
 Tracked objects:
		On entry : 
		On exit  : 
		Unchanged: 
 Data sizes:     COMRAM   BANK0   BANK1   BANK2   BANK3   BANK4   BANK5   BANK6   BANK7
      Params:         0       8       0       0       0       0       0       0       0
      Locals:         0      23       0       0       0       0       0       0       0
      Temps:          0       0       0       0       0       0       0       0       0
      Totals:         0      31       0       0       0       0       0       0       0
Total ram usage:       31 bytes
 Hardware stack levels used:    1
 Hardware stack levels required when called:    8
 This function calls:
		_ADC_Read
		_Lcd_Cmd
		_Lcd_Out2
		_TMRON
		___fldiv
		___flmul
		___fltol
		___xxtofl
		_sprintf
 This function is called by:
		_main
 This function uses a non-reentrant model


 *************** function _sprintf *****************
 Defined at:
		line 9 in file "/opt/microchip/xc8/v2.10/pic/sources/c99/common/nf_sprintf.c"
 Parameters:    Size  Location     Type
  s               2    0[BANK0 ] PTR unsigned char 
		 -> Clock_display@date2(3), Clock_display@date1(3), Clock_display@date(3), Clock_display@Temperature(10), 
  fmt             2    2[BANK0 ] PTR const unsigned char 
		 -> STR_18(8), STR_16(8), STR_15(3), STR_12(8), 
		 -> STR_11(3), STR_8(3), STR_6(8), 
 Auto vars:     Size  Location     Type
  f               6   12[BANK0 ] struct _IO_FILE
  ap              2   10[BANK0 ] PTR void [1]
		 -> ?_sprintf(2), 
  ret             2    0        int 
 Return value:  Size  Location     Type
                  2    0[BANK0 ] int 
 Registers used:
		wreg, fsr1l, fsr1h, fsr2l, fsr2h, status,2, status,0, tblptrl, tblptrh, tblptru, cstack
 Tracked objects:
		On entry : 
		On exit  : 
		Unchanged: 
 Data sizes:     COMRAM   BANK0   BANK1   BANK2   BANK3   BANK4   BANK5   BANK6   BANK7
      Params:         0       8       0       0       0       0       0       0       0
      Locals:         0      10       0       0       0       0       0       0       0
      Temps:          0       0       0       0       0       0       0       0       0
      Totals:         0      18       0       0       0       0       0       0       0
Total ram usage:       18 bytes
 Hardware stack levels used:    1
 Hardware stack levels required when called:    7
 This function calls:
		_vfprintf
 This function is called by:
		_Clock_display
 This function uses a non-reentrant model


 *************** function _vfprintf *****************
 Defined at:
		line 1368 in file "/opt/microchip/xc8/v2.10/pic/sources/c99/common/doprnt.c"
 Parameters:    Size  Location     Type
  fp              2   80[COMRAM] PTR struct _IO_FILE
		 -> sprintf@f(6), 
  fmt             2   82[COMRAM] PTR const unsigned char 
		 -> STR_18(8), STR_16(8), STR_15(3), STR_12(8), 
		 -> STR_11(3), STR_8(3), STR_6(8), 
  ap              2   84[COMRAM] PTR PTR void 
		 -> sprintf@ap(2), 
 Auto vars:     Size  Location     Type
  cfmt            2   86[COMRAM] PTR unsigned char 
		 -> STR_18(8), STR_16(8), STR_15(3), STR_12(8), 
		 -> STR_11(3), STR_8(3), STR_6(8), 
 Return value:  Size  Location     Type
                  2   80[COMRAM] int 
 Registers used:
		wreg, fsr1l, fsr1h, fsr2l, fsr2h, status,2, status,0, tblptrl, tblptrh, tblptru, cstack
 Tracked objects:
		On entry : 
		On exit  : 
		Unchanged: 
 Data sizes:     COMRAM   BANK0   BANK1   BANK2   BANK3   BANK4   BANK5   BANK6   BANK7
      Params:         6       0       0       0       0       0       0       0       0
      Locals:         2       0       0       0       0       0       0       0       0
      Temps:          0       0       0       0       0       0       0       0       0
      Totals:         8       0       0       0       0       0       0       0       0
Total ram usage:        8 bytes
 Hardware stack levels used:    1
 Hardware stack levels required when called:    6
 This function calls:
		_vfpfcnvrt
 This function is called by:
		_sprintf
 This function uses a non-reentrant model


 *************** function _vfpfcnvrt *****************
 Defined at:
		line 670 in file "/opt/microchip/xc8/v2.10/pic/sources/c99/common/doprnt.c"
 Parameters:    Size  Location     Type
  fp              2   63[COMRAM] PTR struct _IO_FILE
		 -> sprintf@f(6), 
  fmt             2   65[COMRAM] PTR PTR unsigned char 
		 -> vfprintf@cfmt(2), 
  ap              2   67[COMRAM] PTR PTR void 
		 -> sprintf@ap(2), 
 Auto vars:     Size  Location     Type
  ll              8   71[COMRAM] long long 
  llu             8    0        unsigned long long 
  f               4    0        unsigned long long 
  vp              3    0        PTR void 
  ct              3    0        unsigned char [3]
  cp              3    0        PTR unsigned char 
  i               2    0        int 
  done            2    0        int 
  c               1   79[COMRAM] unsigned char 
 Return value:  Size  Location     Type
                  2   63[COMRAM] int 
 Registers used:
		wreg, fsr1l, fsr1h, fsr2l, fsr2h, status,2, status,0, tblptrl, tblptrh, tblptru, cstack
 Tracked objects:
		On entry : 
		On exit  : 
		Unchanged: 
 Data sizes:     COMRAM   BANK0   BANK1   BANK2   BANK3   BANK4   BANK5   BANK6   BANK7
      Params:         6       0       0       0       0       0       0       0       0
      Locals:         9       0       0       0       0       0       0       0       0
      Temps:          2       0       0       0       0       0       0       0       0
      Totals:        17       0       0       0       0       0       0       0       0
Total ram usage:       17 bytes
 Hardware stack levels used:    1
 Hardware stack levels required when called:    5
 This function calls:
		_ctoa
		_dtoa
		_fputc
 This function is called by:
		_vfprintf
 This function uses a non-reentrant model


 *************** function _dtoa *****************
 Defined at:
		line 274 in file "/opt/microchip/xc8/v2.10/pic/sources/c99/common/doprnt.c"
 Parameters:    Size  Location     Type
  fp              2   27[COMRAM] PTR struct _IO_FILE
		 -> sprintf@f(6), 
  d               8   29[COMRAM] long long 
 Auto vars:     Size  Location     Type
  n               8   53[COMRAM] long long 
  i               2   61[COMRAM] int 
  s               2   51[COMRAM] int 
  w               2   49[COMRAM] int 
  p               2   47[COMRAM] int 
 Return value:  Size  Location     Type
                  2   27[COMRAM] int 
 Registers used:
		wreg, fsr1l, fsr1h, fsr2l, fsr2h, status,2, status,0, cstack
 Tracked objects:
		On entry : 
		On exit  : 
		Unchanged: 
 Data sizes:     COMRAM   BANK0   BANK1   BANK2   BANK3   BANK4   BANK5   BANK6   BANK7
      Params:        10       0       0       0       0       0       0       0       0
      Locals:        18       0       0       0       0       0       0       0       0
      Temps:          8       0       0       0       0       0       0       0       0
      Totals:        36       0       0       0       0       0       0       0       0
Total ram usage:       36 bytes
 Hardware stack levels used:    1
 Hardware stack levels required when called:    4
 This function calls:
		___aodiv
		___aomod
		_abs
		_pad
 This function is called by:
		_vfpfcnvrt
 This function uses a non-reentrant model


 *************** function _abs *****************
 Defined at:
		line 1 in file "/opt/microchip/xc8/v2.10/pic/sources/c99/common/abs.c"
 Parameters:    Size  Location     Type
  a               2   18[COMRAM] int 
 Auto vars:     Size  Location     Type
		None
 Return value:  Size  Location     Type
                  2   18[COMRAM] int 
 Registers used:
		wreg, status,2, status,0
 Tracked objects:
		On entry : 
		On exit  : 
		Unchanged: 
 Data sizes:     COMRAM   BANK0   BANK1   BANK2   BANK3   BANK4   BANK5   BANK6   BANK7
      Params:         2       0       0       0       0       0       0       0       0
      Locals:         0       0       0       0       0       0       0       0       0
      Temps:          2       0       0       0       0       0       0       0       0
      Totals:         4       0       0       0       0       0       0       0       0
Total ram usage:        4 bytes
 Hardware stack levels used:    1
 This function calls:
		Nothing
 This function is called by:
		_dtoa
 This function uses a non-reentrant model


 *************** function ___aomod *****************
 Defined at:
		line 9 in file "/opt/microchip/xc8/v2.10/pic/sources/c99/common/aomod.c"
 Parameters:    Size  Location     Type
  dividend        8    0[COMRAM] long long 
  divisor         8    8[COMRAM] long long 
 Auto vars:     Size  Location     Type
  sign            1   17[COMRAM] unsigned char 
  counter         1   16[COMRAM] unsigned char 
 Return value:  Size  Location     Type
                  8    0[COMRAM] long long 
 Registers used:
		wreg, status,2, status,0
 Tracked objects:
		On entry : 
		On exit  : 
		Unchanged: 
 Data sizes:     COMRAM   BANK0   BANK1   BANK2   BANK3   BANK4   BANK5   BANK6   BANK7
      Params:        16       0       0       0       0       0       0       0       0
      Locals:         2       0       0       0       0       0       0       0       0
      Temps:          0       0       0       0       0       0       0       0       0
      Totals:        18       0       0       0       0       0       0       0       0
Total ram usage:       18 bytes
 Hardware stack levels used:    1
 This function calls:
		Nothing
 This function is called by:
		_dtoa
 This function uses a non-reentrant model


 *************** function ___aodiv *****************
 Defined at:
		line 9 in file "/opt/microchip/xc8/v2.10/pic/sources/c99/common/aodiv.c"
 Parameters:    Size  Location     Type
  dividend        8    0[COMRAM] long long 
  divisor         8    8[COMRAM] long long 
 Auto vars:     Size  Location     Type
  quotient        8   18[COMRAM] long long 
  sign            1   17[COMRAM] unsigned char 
  counter         1   16[COMRAM] unsigned char 
 Return value:  Size  Location     Type
                  8    0[COMRAM] long long 
 Registers used:
		wreg, fsr2l, fsr2h, status,2, status,0
 Tracked objects:
		On entry : 
		On exit  : 
		Unchanged: 
 Data sizes:     COMRAM   BANK0   BANK1   BANK2   BANK3   BANK4   BANK5   BANK6   BANK7
      Params:        16       0       0       0       0       0       0       0       0
      Locals:        10       0       0       0       0       0       0       0       0
      Temps:          0       0       0       0       0       0       0       0       0
      Totals:        26       0       0       0       0       0       0       0       0
Total ram usage:       26 bytes
 Hardware stack levels used:    1
 This function calls:
		Nothing
 This function is called by:
		_dtoa
 This function uses a non-reentrant model


 *************** function _ctoa *****************
 Defined at:
		line 259 in file "/opt/microchip/xc8/v2.10/pic/sources/c99/common/doprnt.c"
 Parameters:    Size  Location     Type
  fp              2   27[COMRAM] PTR struct _IO_FILE
		 -> sprintf@f(6), 
  c               1   29[COMRAM] unsigned char 
 Auto vars:     Size  Location     Type
  w               2   30[COMRAM] int 
  l               2    0        int 
 Return value:  Size  Location     Type
                  2   27[COMRAM] int 
 Registers used:
		wreg, fsr1l, fsr1h, fsr2l, fsr2h, status,2, status,0, cstack
 Tracked objects:
		On entry : 
		On exit  : 
		Unchanged: 
 Data sizes:     COMRAM   BANK0   BANK1   BANK2   BANK3   BANK4   BANK5   BANK6   BANK7
      Params:         3       0       0       0       0       0       0       0       0
      Locals:         2       0       0       0       0       0       0       0       0
      Temps:          0       0       0       0       0       0       0       0       0
      Totals:         5       0       0       0       0       0       0       0       0
Total ram usage:        5 bytes
 Hardware stack levels used:    1
 Hardware stack levels required when called:    4
 This function calls:
		_pad
 This function is called by:
		_vfpfcnvrt
 This function uses a non-reentrant model


 *************** function _pad *****************
 Defined at:
		line 72 in file "/opt/microchip/xc8/v2.10/pic/sources/c99/common/doprnt.c"
 Parameters:    Size  Location     Type
  fp              2   16[COMRAM] PTR struct _IO_FILE
		 -> sprintf@f(6), 
  buf             2   18[COMRAM] PTR unsigned char 
		 -> dbuf(32), 
  p               2   20[COMRAM] int 
 Auto vars:     Size  Location     Type
  w               2   25[COMRAM] int 
  i               2   23[COMRAM] int 
 Return value:  Size  Location     Type
                  2   16[COMRAM] int 
 Registers used:
		wreg, fsr1l, fsr1h, fsr2l, fsr2h, status,2, status,0, cstack
 Tracked objects:
		On entry : 
		On exit  : 
		Unchanged: 
 Data sizes:     COMRAM   BANK0   BANK1   BANK2   BANK3   BANK4   BANK5   BANK6   BANK7
      Params:         6       0       0       0       0       0       0       0       0
      Locals:         4       0       0       0       0       0       0       0       0
      Temps:          1       0       0       0       0       0       0       0       0
      Totals:        11       0       0       0       0       0       0       0       0
Total ram usage:       11 bytes
 Hardware stack levels used:    1
 Hardware stack levels required when called:    3
 This function calls:
		_fputc
		_fputs
		_strlen
 This function is called by:
		_ctoa
		_dtoa
 This function uses a non-reentrant model


 *************** function _strlen *****************
 Defined at:
		line 5 in file "/opt/microchip/xc8/v2.10/pic/sources/c99/common/strlen.c"
 Parameters:    Size  Location     Type
  s               2    0[COMRAM] PTR const unsigned char 
		 -> dbuf(32), 
 Auto vars:     Size  Location     Type
  a               2    2[COMRAM] PTR const unsigned char 
		 -> dbuf(32), 
 Return value:  Size  Location     Type
                  2    0[COMRAM] unsigned int 
 Registers used:
		wreg, fsr2l, fsr2h, status,2, status,0
 Tracked objects:
		On entry : 
		On exit  : 
		Unchanged: 
 Data sizes:     COMRAM   BANK0   BANK1   BANK2   BANK3   BANK4   BANK5   BANK6   BANK7
      Params:         2       0       0       0       0       0       0       0       0
      Locals:         2       0       0       0       0       0       0       0       0
      Temps:          0       0       0       0       0       0       0       0       0
      Totals:         4       0       0       0       0       0       0       0       0
Total ram usage:        4 bytes
 Hardware stack levels used:    1
 This function calls:
		Nothing
 This function is called by:
		_pad
 This function uses a non-reentrant model


 *************** function _fputs *****************
 Defined at:
		line 8 in file "/opt/microchip/xc8/v2.10/pic/sources/c99/common/nf_fputs.c"
 Parameters:    Size  Location     Type
  s               2    9[COMRAM] PTR const unsigned char 
		 -> dbuf(32), 
  fp              2   11[COMRAM] PTR struct _IO_FILE
		 -> sprintf@f(6), 
 Auto vars:     Size  Location     Type
  i               2   14[COMRAM] int 
  c               1   13[COMRAM] unsigned char 
 Return value:  Size  Location     Type
                  2    9[COMRAM] int 
 Registers used:
		wreg, fsr1l, fsr1h, fsr2l, fsr2h, status,2, status,0, cstack
 Tracked objects:
		On entry : 
		On exit  : 
		Unchanged: 
 Data sizes:     COMRAM   BANK0   BANK1   BANK2   BANK3   BANK4   BANK5   BANK6   BANK7
      Params:         4       0       0       0       0       0       0       0       0
      Locals:         3       0       0       0       0       0       0       0       0
      Temps:          0       0       0       0       0       0       0       0       0
      Totals:         7       0       0       0       0       0       0       0       0
Total ram usage:        7 bytes
 Hardware stack levels used:    1
 Hardware stack levels required when called:    2
 This function calls:
		_fputc
 This function is called by:
		_pad
 This function uses a non-reentrant model


 *************** function _fputc *****************
 Defined at:
		line 8 in file "/opt/microchip/xc8/v2.10/pic/sources/c99/common/nf_fputc.c"
 Parameters:    Size  Location     Type
  c               2    0[COMRAM] int 
  fp              2    2[COMRAM] PTR struct _IO_FILE
		 -> sprintf@f(6), 
 Auto vars:     Size  Location     Type
		None
 Return value:  Size  Location     Type
                  2    0[COMRAM] int 
 Registers used:
		wreg, fsr1l, fsr1h, fsr2l, fsr2h, status,2, status,0, cstack
 Tracked objects:
		On entry : 
		On exit  : 
		Unchanged: 
 Data sizes:     COMRAM   BANK0   BANK1   BANK2   BANK3   BANK4   BANK5   BANK6   BANK7
      Params:         4       0       0       0       0       0       0       0       0
      Locals:         0       0       0       0       0       0       0       0       0
      Temps:          5       0       0       0       0       0       0       0       0
      Totals:         9       0       0       0       0       0       0       0       0
Total ram usage:        9 bytes
 Hardware stack levels used:    1
 Hardware stack levels required when called:    1
 This function calls:
		_putch
 This function is called by:
		_pad
		_vfpfcnvrt
		_fputs
 This function uses a non-reentrant model


 *************** function _putch *****************
 Defined at:
		line 7 in file "/opt/microchip/xc8/v2.10/pic/sources/c99/common/putch.c"
 Parameters:    Size  Location     Type
  c               1    wreg     unsigned char 
 Auto vars:     Size  Location     Type
  c               1    0[COMRAM] unsigned char 
 Return value:  Size  Location     Type
                  1    wreg      void 
 Registers used:
		wreg
 Tracked objects:
		On entry : 
		On exit  : 
		Unchanged: 
 Data sizes:     COMRAM   BANK0   BANK1   BANK2   BANK3   BANK4   BANK5   BANK6   BANK7
      Params:         0       0       0       0       0       0       0       0       0
      Locals:         0       0       0       0       0       0       0       0       0
      Temps:          0       0       0       0       0       0       0       0       0
      Totals:         0       0       0       0       0       0       0       0       0
Total ram usage:        0 bytes
 Hardware stack levels used:    1
 This function calls:
		Nothing
 This function is called by:
		_fputc
 This function uses a non-reentrant model


 *************** function ___xxtofl *****************
 Defined at:
		line 10 in file "/opt/microchip/xc8/v2.10/pic/sources/c99/common/xxtofl.c"
 Parameters:    Size  Location     Type
  sign            1    wreg     unsigned char 
  val             4    8[COMRAM] long 
 Auto vars:     Size  Location     Type
  sign            1   16[COMRAM] unsigned char 
  arg             4   18[COMRAM] unsigned long 
  exp             1   17[COMRAM] unsigned char 
 Return value:  Size  Location     Type
                  4    8[COMRAM] unsigned char 
 Registers used:
		wreg, status,2, status,0
 Tracked objects:
		On entry : 
		On exit  : 
		Unchanged: 
 Data sizes:     COMRAM   BANK0   BANK1   BANK2   BANK3   BANK4   BANK5   BANK6   BANK7
      Params:         4       0       0       0       0       0       0       0       0
      Locals:         6       0       0       0       0       0       0       0       0
      Temps:          4       0       0       0       0       0       0       0       0
      Totals:        14       0       0       0       0       0       0       0       0
Total ram usage:       14 bytes
 Hardware stack levels used:    1
 This function calls:
		Nothing
 This function is called by:
		_Clock_display
 This function uses a non-reentrant model


 *************** function ___fltol *****************
 Defined at:
		line 43 in file "/opt/microchip/xc8/v2.10/pic/sources/c99/common/fltol.c"
 Parameters:    Size  Location     Type
  f1              4    0[COMRAM] unsigned char 
 Auto vars:     Size  Location     Type
  exp1            1    9[COMRAM] unsigned char 
  sign1           1    8[COMRAM] unsigned char 
 Return value:  Size  Location     Type
                  4    0[COMRAM] long 
 Registers used:
		wreg, status,2, status,0
 Tracked objects:
		On entry : 
		On exit  : 
		Unchanged: 
 Data sizes:     COMRAM   BANK0   BANK1   BANK2   BANK3   BANK4   BANK5   BANK6   BANK7
      Params:         4       0       0       0       0       0       0       0       0
      Locals:         2       0       0       0       0       0       0       0       0
      Temps:          4       0       0       0       0       0       0       0       0
      Totals:        10       0       0       0       0       0       0       0       0
Total ram usage:       10 bytes
 Hardware stack levels used:    1
 This function calls:
		Nothing
 This function is called by:
		_Clock_display
 This function uses a non-reentrant model


 *************** function ___flmul *****************
 Defined at:
		line 8 in file "/opt/microchip/xc8/v2.10/pic/sources/c99/common/sprcmul.c"
 Parameters:    Size  Location     Type
  b               4   22[COMRAM] long 
  a               4   26[COMRAM] long 
 Auto vars:     Size  Location     Type
  prod            4   41[COMRAM] struct .
  grs             4   35[COMRAM] unsigned long 
  temp            2   45[COMRAM] struct .
  bexp            1   40[COMRAM] unsigned char 
  aexp            1   39[COMRAM] unsigned char 
  sign            1   34[COMRAM] unsigned char 
 Return value:  Size  Location     Type
                  4   22[COMRAM] unsigned char 
 Registers used:
		wreg, status,2, status,0, prodl, prodh
 Tracked objects:
		On entry : 
		On exit  : 
		Unchanged: 
 Data sizes:     COMRAM   BANK0   BANK1   BANK2   BANK3   BANK4   BANK5   BANK6   BANK7
      Params:         8       0       0       0       0       0       0       0       0
      Locals:        13       0       0       0       0       0       0       0       0
      Temps:          4       0       0       0       0       0       0       0       0
      Totals:        25       0       0       0       0       0       0       0       0
Total ram usage:       25 bytes
 Hardware stack levels used:    1
 This function calls:
		Nothing
 This function is called by:
		_Clock_display
 This function uses a non-reentrant model


 *************** function ___fldiv *****************
 Defined at:
		line 11 in file "/opt/microchip/xc8/v2.10/pic/sources/c99/common/sprcdiv.c"
 Parameters:    Size  Location     Type
  b               4    0[COMRAM] unsigned char 
  a               4    4[COMRAM] unsigned char 
 Auto vars:     Size  Location     Type
  grs             4   19[COMRAM] unsigned long 
  rem             4   12[COMRAM] unsigned long 
  new_exp         2   17[COMRAM] short 
  aexp            1   24[COMRAM] unsigned char 
  bexp            1   23[COMRAM] unsigned char 
  sign            1   16[COMRAM] unsigned char 
 Return value:  Size  Location     Type
                  4    0[COMRAM] unsigned char 
 Registers used:
		wreg, status,2, status,0
 Tracked objects:
		On entry : 
		On exit  : 
		Unchanged: 
 Data sizes:     COMRAM   BANK0   BANK1   BANK2   BANK3   BANK4   BANK5   BANK6   BANK7
      Params:         8       0       0       0       0       0       0       0       0
      Locals:        13       0       0       0       0       0       0       0       0
      Temps:          4       0       0       0       0       0       0       0       0
      Totals:        25       0       0       0       0       0       0       0       0
Total ram usage:       25 bytes
 Hardware stack levels used:    1
 This function calls:
		Nothing
 This function is called by:
		_Clock_display
 This function uses a non-reentrant model


 *************** function _TMRON *****************
 Defined at:
		line 12 in file "timer_0.c"
 Parameters:    Size  Location     Type
  prescaler       2    0[COMRAM] int 
  tmroh           2    2[COMRAM] int 
  tmrol           2    4[COMRAM] int 
 Auto vars:     Size  Location     Type
		None
 Return value:  Size  Location     Type
                  1    wreg      void 
 Registers used:
		None
 Tracked objects:
		On entry : 
		On exit  : 
		Unchanged: 
 Data sizes:     COMRAM   BANK0   BANK1   BANK2   BANK3   BANK4   BANK5   BANK6   BANK7
      Params:         6       0       0       0       0       0       0       0       0
      Locals:         0       0       0       0       0       0       0       0       0
      Temps:          0       0       0       0       0       0       0       0       0
      Totals:         6       0       0       0       0       0       0       0       0
Total ram usage:        6 bytes
 Hardware stack levels used:    1
 This function calls:
		Nothing
 This function is called by:
		_Clock_display
 This function uses a non-reentrant model


 *************** function _Lcd_Out2 *****************
 Defined at:
		line 78 in file "lcd.c"
 Parameters:    Size  Location     Type
  y               1    wreg     unsigned char 
  x               1    3[COMRAM] unsigned char 
  buffer          2    4[COMRAM] PTR unsigned char 
		 -> STR_19(6), STR_17(6), Clock_display@date2(3), STR_14(2), 
		 -> STR_13(6), Clock_display@date1(3), STR_10(2), STR_9(2), 
		 -> Clock_display@date(3), STR_7(6), Clock_display@Temperature(10), STR_5(3), 
		 -> STR_4(2), STR_3(3), STR_2(2), STR_1(3), 
 Auto vars:     Size  Location     Type
  y               1    8[COMRAM] unsigned char 
  data            1    9[COMRAM] unsigned char 
 Return value:  Size  Location     Type
                  1    wreg      void 
 Registers used:
		wreg, fsr1l, fsr1h, status,2, status,0, tblptrl, tblptrh, tblptru, cstack
 Tracked objects:
		On entry : 
		On exit  : 
		Unchanged: 
 Data sizes:     COMRAM   BANK0   BANK1   BANK2   BANK3   BANK4   BANK5   BANK6   BANK7
      Params:         3       0       0       0       0       0       0       0       0
      Locals:         2       0       0       0       0       0       0       0       0
      Temps:          2       0       0       0       0       0       0       0       0
      Totals:         7       0       0       0       0       0       0       0       0
Total ram usage:        7 bytes
 Hardware stack levels used:    1
 Hardware stack levels required when called:    1
 This function calls:
		_Lcd_Chr_CP
		_Lcd_Cmd
 This function is called by:
		_main
		_Clock_display
 This function uses a non-reentrant model


 *************** function _Lcd_Cmd *****************
 Defined at:
		line 113 in file "lcd.c"
 Parameters:    Size  Location     Type
  data            1    wreg     unsigned char 
 Auto vars:     Size  Location     Type
  data            1    2[COMRAM] unsigned char 
 Return value:  Size  Location     Type
                  1    wreg      void 
 Registers used:
		wreg, status,2, status,0
 Tracked objects:
		On entry : 
		On exit  : 
		Unchanged: 
 Data sizes:     COMRAM   BANK0   BANK1   BANK2   BANK3   BANK4   BANK5   BANK6   BANK7
      Params:         0       0       0       0       0       0       0       0       0
      Locals:         1       0       0       0       0       0       0       0       0
      Temps:          2       0       0       0       0       0       0       0       0
      Totals:         3       0       0       0       0       0       0       0       0
Total ram usage:        3 bytes
 Hardware stack levels used:    1
 This function calls:
		Nothing
 This function is called by:
		_main
		_Clock_display
		_Lcd_Init
		_Lcd_Out2
		_Lcd_Out
		_lcd_goto
 This function uses a non-reentrant model


 *************** function _Lcd_Chr_CP *****************
 Defined at:
		line 99 in file "lcd.c"
 Parameters:    Size  Location     Type
  data            1    wreg     unsigned char 
 Auto vars:     Size  Location     Type
  data            1    2[COMRAM] unsigned char 
 Return value:  Size  Location     Type
                  1    wreg      void 
 Registers used:
		wreg, status,2, status,0
 Tracked objects:
		On entry : 
		On exit  : 
		Unchanged: 
 Data sizes:     COMRAM   BANK0   BANK1   BANK2   BANK3   BANK4   BANK5   BANK6   BANK7
      Params:         0       0       0       0       0       0       0       0       0
      Locals:         1       0       0       0       0       0       0       0       0
      Temps:          2       0       0       0       0       0       0       0       0
      Totals:         3       0       0       0       0       0       0       0       0
Total ram usage:        3 bytes
 Hardware stack levels used:    1
 This function calls:
		Nothing
 This function is called by:
		_Lcd_Out2
		_Lcd_Out
 This function uses a non-reentrant model


 *************** function _ADC_Read *****************
 Defined at:
		line 18 in file "adc.c"
 Parameters:    Size  Location     Type
  channel         2    0[COMRAM] int 
 Auto vars:     Size  Location     Type
  digital         2    6[COMRAM] int 
 Return value:  Size  Location     Type
                  2    0[COMRAM] int 
 Registers used:
		wreg, status,2, status,0
 Tracked objects:
		On entry : 
		On exit  : 
		Unchanged: 
 Data sizes:     COMRAM   BANK0   BANK1   BANK2   BANK3   BANK4   BANK5   BANK6   BANK7
      Params:         2       0       0       0       0       0       0       0       0
      Locals:         2       0       0       0       0       0       0       0       0
      Temps:          4       0       0       0       0       0       0       0       0
      Totals:         8       0       0       0       0       0       0       0       0
Total ram usage:        8 bytes
 Hardware stack levels used:    1
 This function calls:
		Nothing
 This function is called by:
		_Clock_display
 This function uses a non-reentrant model



MODULE INFORMATION

Module		Function		Class		Link	Load	Size
/opt/microchip/xc8/v2.10/pic/sources/c99/common/putch.c
		_putch         		CODE           	294A	0000	3

/opt/microchip/xc8/v2.10/pic/sources/c99/common/putch.c estimated size: 3

clock.c
		_Clock_display 		CODE           	0816	0000	1431

clock.c estimated size: 1431

/opt/microchip/xc8/v2.10/pic/sources/c99/common/aomod.c
		___aomod       		CODE           	1DB0	0000	357

/opt/microchip/xc8/v2.10/pic/sources/c99/common/aomod.c estimated size: 357

/opt/microchip/xc8/v2.10/pic/sources/c99/common/xxtofl.c
		___xxtofl      		CODE           	1A74	0000	437

/opt/microchip/xc8/v2.10/pic/sources/c99/common/xxtofl.c estimated size: 437

/opt/microchip/xc8/v2.10/pic/sources/c99/common/strlen.c
		_strlen        		CODE           	28D8	0000	55

/opt/microchip/xc8/v2.10/pic/sources/c99/common/strlen.c estimated size: 55

/opt/microchip/xc8/v2.10/pic/sources/c99/common/nf_fputs.c
		_fputs         		CODE           	2854	0000	69

/opt/microchip/xc8/v2.10/pic/sources/c99/common/nf_fputs.c estimated size: 69

/opt/microchip/xc8/v2.10/pic/sources/c99/common/fltol.c
		___fltol       		CODE           	2294	0000	263

/opt/microchip/xc8/v2.10/pic/sources/c99/common/fltol.c estimated size: 263

/opt/microchip/xc8/v2.10/pic/sources/c99/common/abs.c
		_abs           		CODE           	2898	0000	65

/opt/microchip/xc8/v2.10/pic/sources/c99/common/abs.c estimated size: 65

adc.c
		_ADC_Read      		CODE           	26AA	0000	157

adc.c estimated size: 157

/opt/microchip/xc8/v2.10/pic/sources/c99/common/aodiv.c
		___aodiv       		CODE           	1C28	0000	393

/opt/microchip/xc8/v2.10/pic/sources/c99/common/aodiv.c estimated size: 393

/opt/microchip/xc8/v2.10/pic/sources/c99/common/sprcmul.c
		___flmul       		CODE           	0DAC	0000	1067

/opt/microchip/xc8/v2.10/pic/sources/c99/common/sprcmul.c estimated size: 1067

/opt/microchip/xc8/v2.10/pic/sources/c99/common/nf_sprintf.c
		_sprintf       		CODE           	2802	0000	83

/opt/microchip/xc8/v2.10/pic/sources/c99/common/nf_sprintf.c estimated size: 83

timer_0.c
		_TMRON         		CODE           	290E	0000	35

timer_0.c estimated size: 35

/opt/microchip/xc8/v2.10/pic/sources/c99/common/sprcdiv.c
		___fldiv       		CODE           	11D6	0000	923

/opt/microchip/xc8/v2.10/pic/sources/c99/common/sprcdiv.c estimated size: 923

shared
		__initialization		CODE           	2930	0000	17

shared estimated size: 17

lcd.c
		_Lcd_Init      		CODE           	216E	0000	295
		_Lcd_Out2      		CODE           	239A	0000	205
		_Lcd_Chr_CP    		CODE           	1F14	0000	305
		_Lcd_Cmd       		CODE           	2044	0000	299

lcd.c estimated size: 1104

/opt/microchip/xc8/v2.10/pic/sources/c99/common/doprnt.c
		_vfpfcnvrt     		CODE           	184E	0000	551
		_pad           		CODE           	2530	0000	195
		_ctoa          		CODE           	27A8	0000	91
		_dtoa          		CODE           	1570	0000	735
		_vfprintf      		CODE           	2746	0000	99

/opt/microchip/xc8/v2.10/pic/sources/c99/common/doprnt.c estimated size: 1671

/opt/microchip/xc8/v2.10/pic/sources/c99/common/nf_fputc.c
		_fputc         		CODE           	2466	0000	203

/opt/microchip/xc8/v2.10/pic/sources/c99/common/nf_fputc.c estimated size: 203

main.c
		_main          		CODE           	25F2	0000	185

main.c estimated size: 185

